Parsed test spec with 3 sessions

starting permutation: s1_begin s1_nextval s2_begin s2_nextval s1_commit s2_commit
step s1_begin: BEGIN;
step s1_nextval: SELECT nextval('test_gapless'::regclass);
nextval        

1              
step s2_begin: BEGIN;
step s2_nextval: SELECT nextval('test_gapless'::regclass); <waiting ...>
step s1_commit: COMMIT;
step s2_nextval: <... completed>
nextval        

2              
step s2_commit: COMMIT;

starting permutation: s3_begin s3_nextval s2_begin s2_nextval s3_rollback s2_commit
step s3_begin: BEGIN;
step s3_nextval: SELECT nextval('test_gapless'::regclass);
nextval        

1              
step s2_begin: BEGIN;
step s2_nextval: SELECT nextval('test_gapless'::regclass); <waiting ...>
step s3_rollback: ROLLBACK;
step s2_nextval: <... completed>
nextval        

1              
step s2_commit: COMMIT;
